A-B A-C A-D
A-B A-C C-D
A-B A-D B-C
A-B A-D C-D
A-B B-C C-D
A-C A-D B-C
A-C B-C C-D
A-D B-C C-D
