A-B A-C A-D A-E
A-B A-C A-D B-E
A-B A-C A-D C-E
A-B A-C A-D D-E
A-B A-C A-E B-D
A-B A-C A-E C-D
A-B A-C A-E D-E
A-B A-C B-D B-E
A-B A-C B-D C-E
A-B A-C B-D D-E
A-B A-C B-E C-D
A-B A-C B-E D-E
A-B A-C C-D C-E
A-B A-C C-D D-E
A-B A-C C-E D-E
A-B A-D A-E B-C
A-B A-D A-E C-D
A-B A-D A-E C-E
A-B A-D B-C B-E
A-B A-D B-C C-E
A-B A-D B-C D-E
A-B A-D B-E C-D
A-B A-D B-E C-E
A-B A-D C-D C-E
A-B A-D C-D D-E
A-B A-D C-E D-E
A-B A-E B-C B-D
A-B A-E B-C C-D
A-B A-E B-C D-E
A-B A-E B-D C-D
A-B A-E B-D C-E
A-B A-E C-D C-E
A-B A-E C-D D-E
A-B A-E C-E D-E
A-B B-C B-D B-E
A-B B-C B-D C-E
A-B B-C B-D D-E
A-B B-C B-E C-D
A-B B-C B-E D-E
A-B B-C C-D C-E
A-B B-C C-D D-E
A-B B-C C-E D-E
A-B B-D B-E C-D
A-B B-D B-E C-E
A-B B-D C-D C-E
A-B B-D C-D D-E
A-B B-D C-E D-E
A-B B-E C-D C-E
A-B B-E C-D D-E
A-B B-E C-E D-E
A-C A-D A-E B-C
A-C A-D A-E B-D
A-C A-D A-E B-E
A-C A-D B-C B-E
A-C A-D B-C C-E
A-C A-D B-C D-E
A-C A-D B-D B-E
A-C A-D B-D C-E
A-C A-D B-D D-E
A-C A-D B-E C-E
A-C A-D B-E D-E
A-C A-E B-C B-D
A-C A-E B-C C-D
A-C A-E B-C D-E
A-C A-E B-D B-E
A-C A-E B-D C-D
A-C A-E B-D D-E
A-C A-E B-E C-D
A-C A-E B-E D-E
A-C B-C B-D B-E
A-C B-C B-D C-E
A-C B-C B-D D-E
A-C B-C B-E C-D
A-C B-C B-E D-E
A-C B-C C-D C-E
A-C B-C C-D D-E
A-C B-C C-E D-E
A-C B-D B-E C-D
A-C B-D B-E C-E
A-C B-D C-D C-E
A-C B-D C-D D-E
A-C B-D C-E D-E
A-C B-E C-D C-E
A-C B-E C-D D-E
A-C B-E C-E D-E
A-D A-E B-C B-D
A-D A-E B-C B-E
A-D A-E B-C C-D
A-D A-E B-C C-E
A-D A-E B-D C-D
A-D A-E B-D C-E
A-D A-E B-E C-D
A-D A-E B-E C-E
A-D B-C B-D B-E
A-D B-C B-D C-E
A-D B-C B-D D-E
A-D B-C B-E C-D
A-D B-C B-E D-E
A-D B-C C-D C-E
A-D B-C C-D D-E
A-D B-C C-E D-E
A-D B-D B-E C-D
A-D B-D B-E C-E
A-D B-D C-D C-E
A-D B-D C-D D-E
A-D B-D C-E D-E
A-D B-E C-D C-E
A-D B-E C-D D-E
A-D B-E C-E D-E
A-E B-C B-D B-E
A-E B-C B-D C-E
A-E B-C B-D D-E
A-E B-C B-E C-D
A-E B-C B-E D-E
A-E B-C C-D C-E
A-E B-C C-D D-E
A-E B-C C-E D-E
A-E B-D B-E C-D
A-E B-D B-E C-E
A-E B-D C-D C-E
A-E B-D C-D D-E
A-E B-D C-E D-E
A-E B-E C-D C-E
A-E B-E C-D D-E
A-E B-E C-E D-E
